// Jest Snapshot v1, https://goo.gl/fbAQLP

exports[`sync action creator 1`] = `
Object {
  "type": "Contentful/SYNC",
}
`;
